// Jest Snapshot v1, https://goo.gl/fbAQLP

exports[`GET: /v1/cars works 1`] = `"[{\\"id\\":\\"JHk290Xj\\",\\"make\\":\\"Ford\\",\\"model\\":\\"F10\\",\\"package\\":\\"Base\\",\\"color\\":\\"Silver\\",\\"year\\":2010,\\"category\\":\\"Truck\\",\\"mileage\\":120123,\\"price_cents\\":1999900,\\"created_at\\":\\"2021-06-20T18:58:46.170Z\\",\\"updated_at\\":\\"2021-06-20T18:58:46.170Z\\"},{\\"id\\":\\"fWI37la\\",\\"make\\":\\"Toyota\\",\\"model\\":\\"Camry\\",\\"package\\":\\"SE\\",\\"color\\":\\"White\\",\\"year\\":2019,\\"category\\":\\"Sedan\\",\\"mileage\\":3999,\\"price_cents\\":2899000,\\"created_at\\":\\"2021-06-20T18:58:46.170Z\\",\\"updated_at\\":\\"2021-06-20T18:58:46.170Z\\"},{\\"id\\":\\"1i3xjRllc\\",\\"make\\":\\"Toyota\\",\\"model\\":\\"Rav4\\",\\"package\\":\\"XSE\\",\\"color\\":\\"Red\\",\\"year\\":2018,\\"category\\":\\"SUV\\",\\"mileage\\":24001,\\"price_cents\\":2275000,\\"created_at\\":\\"2021-06-20T18:58:46.170Z\\",\\"updated_at\\":\\"2021-06-20T18:58:46.170Z\\"},{\\"id\\":\\"dku43920s\\",\\"make\\":\\"Ford\\",\\"model\\":\\"Bronco\\",\\"package\\":\\"Badlands\\",\\"color\\":\\"Burnt Orange\\",\\"year\\":2022,\\"category\\":\\"SUV\\",\\"mileage\\":1,\\"price_cents\\":4499000,\\"created_at\\":\\"2021-06-20T18:58:46.170Z\\",\\"updated_at\\":\\"2021-06-20T18:58:46.170Z\\"}]"`;

exports[`GET: /v1/cars/:id works 1`] = `"{\\"id\\":\\"JHk290Xj\\",\\"make\\":\\"Ford\\",\\"model\\":\\"F10\\",\\"package\\":\\"Base\\",\\"color\\":\\"Silver\\",\\"year\\":2010,\\"category\\":\\"Truck\\",\\"mileage\\":120123,\\"price_cents\\":1999900,\\"created_at\\":\\"2021-06-20T18:58:46.170Z\\",\\"updated_at\\":\\"2021-06-20T18:58:46.170Z\\"}"`;

exports[`GET: v1/cars?make=Toyota&model=Rav4 works 1`] = `"[{\\"id\\":\\"1i3xjRllc\\",\\"make\\":\\"Toyota\\",\\"model\\":\\"Rav4\\",\\"package\\":\\"XSE\\",\\"color\\":\\"Red\\",\\"year\\":2018,\\"category\\":\\"SUV\\",\\"mileage\\":24001,\\"price_cents\\":2275000,\\"created_at\\":\\"2021-06-20T18:58:46.170Z\\",\\"updated_at\\":\\"2021-06-20T18:58:46.170Z\\"}]"`;
